
> chris-cole-clone@1.0.0 test
> jest tests/visual-regression/blackhole-animation.visual.test.ts --reporter=line

FAIL tests/visual-regression/blackhole-animation.visual.test.ts
  ● Test suite failed to run

    ReferenceError: TransformStream is not defined

      12 |  */
      13 |
    > 14 | import { test, expect, Page } from '@playwright/test';
         | ^
      15 | import { readFileSync, writeFileSync, existsSync, mkdirSync } from 'fs';
      16 | import { join } from 'path';
      17 | import pixelmatch from 'pixelmatch';

      at Object.<anonymous> (node_modules/playwright/lib/mcpBundleImpl.js:17:5390)
      at Object.<anonymous> (node_modules/playwright/lib/mcp/sdk/bundle.js:48:22)
      at Object.<anonymous> (node_modules/playwright/lib/mcp/sdk/proxyBackend.js:35:25)
      at Object.<anonymous> (node_modules/playwright/lib/mcp/sdk/exports.js:19:29)
      at Object.<anonymous> (node_modules/playwright/lib/mcp/test/browserBackend.js:34:19)
      at Object.<anonymous> (node_modules/playwright/lib/index.js:45:29)
      at Object.<anonymous> (node_modules/playwright/test.js:17:13)
      at Object.<anonymous> (node_modules/@playwright/test/index.js:17:18)
      at Object.<anonymous> (tests/visual-regression/blackhole-animation.visual.test.ts:14:1)

Test Suites: 1 failed, 1 total
Tests:       0 total
Snapshots:   0 total
Time:        1.024 s
Ran all test suites matching tests/visual-regression/blackhole-animation.visual.test.ts.
